<?php return array (
  0 => 'Symfony\\Bundle\\FrameworkBundle\\Controller\\AbstractController',
  1 => 'Doctrine\\Bundle\\DoctrineBundle\\Controller\\ProfilerController',
  2 => 'Doctrine\\ORM\\Cache\\Persister\\Entity\\AbstractEntityPersister',
  3 => 'Doctrine\\ORM\\Cache\\Persister\\Entity\\CachedEntityPersister',
  4 => 'Doctrine\\ORM\\Cache\\Persister\\Entity\\NonStrictReadWriteCachedEntityPersister',
  5 => 'Doctrine\\ORM\\Cache\\Persister\\Entity\\ReadOnlyCachedEntityPersister',
  6 => 'Doctrine\\ORM\\Cache\\Persister\\Entity\\ReadWriteCachedEntityPersister',
  7 => 'Doctrine\\ORM\\Persisters\\Entity\\AbstractEntityInheritancePersister',
  8 => 'Doctrine\\ORM\\Persisters\\Entity\\BasicEntityPersister',
  9 => 'Doctrine\\ORM\\Persisters\\Entity\\CachedPersisterContext',
  10 => 'Doctrine\\ORM\\Persisters\\Entity\\EntityPersister',
  11 => 'Doctrine\\ORM\\Persisters\\Entity\\JoinedSubclassPersister',
  12 => 'Doctrine\\ORM\\Persisters\\Entity\\SingleTablePersister',
  13 => 'Frontastic\\Catwalk\\ApiCoreBundle\\Controller\\ApiController',
  14 => 'Frontastic\\Catwalk\\ApiCoreBundle\\Controller\\AppController',
  15 => 'Frontastic\\Catwalk\\ApiCoreBundle\\Controller\\ParameterConverter\\ContextConverter',
  16 => 'Frontastic\\Catwalk\\DevVmBundle\\Controller\\NgrokController',
  17 => 'Frontastic\\Catwalk\\DevVmBundle\\Controller\\SyncController',
  18 => 'Frontastic\\Catwalk\\FrontendBundle\\Controller\\AccountController',
  19 => 'Frontastic\\Catwalk\\FrontendBundle\\Controller\\CategoryController',
  20 => 'Frontastic\\Catwalk\\FrontendBundle\\Controller\\CheckoutController',
  21 => 'Frontastic\\Catwalk\\FrontendBundle\\Controller\\ContentController',
  22 => 'Frontastic\\Catwalk\\FrontendBundle\\Controller\\ErrorController',
  23 => 'Frontastic\\Catwalk\\FrontendBundle\\Controller\\FacetController',
  24 => 'Frontastic\\Catwalk\\FrontendBundle\\Controller\\NodeController',
  25 => 'Frontastic\\Catwalk\\FrontendBundle\\Controller\\PatternLibraryController',
  26 => 'Frontastic\\Catwalk\\FrontendBundle\\Controller\\PreviewController',
  27 => 'Frontastic\\Catwalk\\FrontendBundle\\Controller\\ProductController',
  28 => 'Frontastic\\Catwalk\\FrontendBundle\\Controller\\ProxyController',
  29 => 'Frontastic\\Catwalk\\FrontendBundle\\Controller\\SearchController',
  30 => 'Frontastic\\Catwalk\\FrontendBundle\\Controller\\TasticController',
  31 => 'Frontastic\\Catwalk\\WirecardBundle\\Controller\\WirecardController',
  32 => 'Frontastic\\Common\\AccountApiBundle\\Controller\\AccountApiController',
  33 => 'Frontastic\\Common\\AccountApiBundle\\Controller\\AccountAuthController',
  34 => 'Frontastic\\Common\\CartApiBundle\\Controller\\CartController',
  35 => 'Frontastic\\Common\\ContentApiBundle\\Controller\\ContentIdController',
  36 => 'Frontastic\\Common\\ContentApiBundle\\Controller\\ContentTypeController',
  37 => 'Frontastic\\Common\\ContentApiBundle\\Controller\\SearchController',
  38 => 'Frontastic\\Common\\CoreBundle\\Controller\\CrudController',
  39 => 'Frontastic\\Common\\CoreBundle\\Controller\\RequestUtilities',
  40 => 'Frontastic\\Common\\CoreBundle\\Controller\\SystemController',
  41 => 'Frontastic\\Common\\ProductApiBundle\\Controller\\CategoryController',
  42 => 'Frontastic\\Common\\ProductApiBundle\\Controller\\ProductTypeController',
  43 => 'Frontastic\\Common\\ProductApiBundle\\Controller\\SearchController',
  44 => 'Frontastic\\Common\\ProjectApiBundle\\Controller\\AttributesController',
  45 => 'Frontastic\\Common\\WishlistApiBundle\\Controller\\WishlistController',
  46 => 'Gedmo\\Loggable\\Entity\\LogEntry',
  47 => 'Gedmo\\Loggable\\Entity\\MappedSuperclass\\AbstractLogEntry',
  48 => 'Gedmo\\Loggable\\Entity\\Repository\\LogEntryRepository',
  49 => 'Gedmo\\Sortable\\Entity\\Repository\\SortableRepository',
  50 => 'Gedmo\\Translatable\\Entity\\MappedSuperclass\\AbstractPersonalTranslation',
  51 => 'Gedmo\\Translatable\\Entity\\MappedSuperclass\\AbstractTranslation',
  52 => 'Gedmo\\Translatable\\Entity\\Repository\\TranslationRepository',
  53 => 'Gedmo\\Translatable\\Entity\\Translation',
  54 => 'Gedmo\\Translator\\Entity\\Translation',
  55 => 'Gedmo\\Tree\\Entity\\MappedSuperclass\\AbstractClosure',
  56 => 'Gedmo\\Tree\\Entity\\Repository\\AbstractTreeRepository',
  57 => 'Gedmo\\Tree\\Entity\\Repository\\ClosureTreeRepository',
  58 => 'Gedmo\\Tree\\Entity\\Repository\\MaterializedPathRepository',
  59 => 'Gedmo\\Tree\\Entity\\Repository\\NestedTreeRepository',
  60 => 'JsonSchema\\Entity\\JsonPointer',
  61 => 'QafooLabs\\Bundle\\NoFrameworkBundle\\Controller\\ControllerUtils',
  62 => 'QafooLabs\\Bundle\\NoFrameworkBundle\\Controller\\QafooControllerNameParser',
  64 => 'Symfony\\Bundle\\FrameworkBundle\\Controller\\Controller',
  65 => 'Symfony\\Bundle\\FrameworkBundle\\Controller\\ControllerNameParser',
  66 => 'Symfony\\Bundle\\FrameworkBundle\\Controller\\ControllerResolver',
  67 => 'Symfony\\Bundle\\FrameworkBundle\\Controller\\ControllerTrait',
  68 => 'Symfony\\Bundle\\FrameworkBundle\\Controller\\RedirectController',
  69 => 'Symfony\\Bundle\\FrameworkBundle\\Controller\\TemplateController',
  70 => 'Symfony\\Bundle\\TwigBundle\\Controller\\ExceptionController',
  71 => 'Symfony\\Bundle\\TwigBundle\\Controller\\PreviewErrorController',
  72 => 'Symfony\\Bundle\\WebProfilerBundle\\Controller\\ExceptionController',
  73 => 'Symfony\\Bundle\\WebProfilerBundle\\Controller\\ExceptionPanelController',
  74 => 'Symfony\\Bundle\\WebProfilerBundle\\Controller\\ProfilerController',
  75 => 'Symfony\\Bundle\\WebProfilerBundle\\Controller\\RouterController',
  76 => 'Symfony\\Component\\HttpKernel\\Controller\\ArgumentResolver',
  77 => 'Symfony\\Component\\HttpKernel\\Controller\\ArgumentResolverInterface',
  78 => 'Symfony\\Component\\HttpKernel\\Controller\\ArgumentResolver\\DefaultValueResolver',
  79 => 'Symfony\\Component\\HttpKernel\\Controller\\ArgumentResolver\\NotTaggedControllerValueResolver',
  80 => 'Symfony\\Component\\HttpKernel\\Controller\\ArgumentResolver\\RequestAttributeValueResolver',
  81 => 'Symfony\\Component\\HttpKernel\\Controller\\ArgumentResolver\\RequestValueResolver',
  82 => 'Symfony\\Component\\HttpKernel\\Controller\\ArgumentResolver\\ServiceValueResolver',
  83 => 'Symfony\\Component\\HttpKernel\\Controller\\ArgumentResolver\\SessionValueResolver',
  84 => 'Symfony\\Component\\HttpKernel\\Controller\\ArgumentResolver\\TraceableValueResolver',
  85 => 'Symfony\\Component\\HttpKernel\\Controller\\ArgumentResolver\\VariadicValueResolver',
  86 => 'Symfony\\Component\\HttpKernel\\Controller\\ArgumentValueResolverInterface',
  87 => 'Symfony\\Component\\HttpKernel\\Controller\\ContainerControllerResolver',
  88 => 'Symfony\\Component\\HttpKernel\\Controller\\ControllerReference',
  89 => 'Symfony\\Component\\HttpKernel\\Controller\\ControllerResolver',
  90 => 'Symfony\\Component\\HttpKernel\\Controller\\ControllerResolverInterface',
  91 => 'Symfony\\Component\\HttpKernel\\Controller\\ErrorController',
  92 => 'Symfony\\Component\\HttpKernel\\Controller\\TraceableArgumentResolver',
  93 => 'Symfony\\Component\\HttpKernel\\Controller\\TraceableControllerResolver',
  94 => 'Symfony\\Component\\Security\\Http\\Controller\\UserValueResolver',
);